{"data":{"people":[{"id":"190086c0-63cc-4cc2-a8de-8588ce282f5d","name":"Darren"}]}}
