{"data":{"cars":[{"model":"Volvo","maxKph":180},{"model":"Bmw","maxRange":40}]}}
